// Jest Snapshot v1, https://goo.gl/fbAQLP

exports[`should render EditExpensePage 1`] = `
<div>
  <div
    className="page-header"
  >
    <div
      className="content-container"
    >
      <h2
        className="page-header__title"
      >
         Edit an Expense 
      </h2>
    </div>
  </div>
  <div
    className="content-container"
  >
    <ExpenseForm
      expense={
        Object {
          "amount": 4400,
          "createdAt": 17276400000,
          "description": "Power bill",
          "id": "04",
          "note": "",
        }
      }
      onSubmit={[Function]}
    />
    <button
      className="button button--secondary"
      onClick={[Function]}
    >
       Remove 
    </button>
  </div>
</div>
`;
