// Jest Snapshot v1, https://goo.gl/fbAQLP

exports[`should render ExpenseListItem from array item 1`] = `
<div>
  <Link
    to="/edit/03"
  >
     
    <h3>
      Beer bar
       
    </h3>
     
  </Link>
  <p>
    $33.00
    -
    December 11th, 1969
  </p>
</div>
`;
