// Jest Snapshot v1, https://goo.gl/fbAQLP

exports[`should load header correctly 1`] = `
<header
  className="header"
>
  <div
    className="content-container header__content"
  >
    <Link
      className="header__title"
      exact={true}
      to="/dashboard"
    >
      <h1>
        Expension
      </h1>
    </Link>
    <button
      className="button button--link"
      onClick={[Function]}
    >
      Logout
    </button>
  </div>
</header>
`;
