// Jest Snapshot v1, https://goo.gl/fbAQLP

exports[`should load NotFoundPage correctly 1`] = `
<div>
  <p>
    404 not found. 
    <Link
      to="/"
    >
       Go home instead?
    </Link>
  </p>
</div>
`;
